
> platform@0.1.0 build
> node scripts/build.mjs

▲ Next.js 16.2.12 (webpack)
- Experiments (use with caution):
  · clientTraceMetadata
  · cpus: 1
  · proxyClientMaxBodySize: "11mb"
  ✓ webpackMemoryOptimizations

  Creating an optimized production build ...
✓ Compiled successfully in 21.2s
  Running TypeScript ...
  Finished TypeScript in 12.2s ...
  Collecting page data using 1 worker ...
  Generating static pages using 1 worker (0/246) ...
  Generating static pages using 1 worker (61/246)
  Generating static pages using 1 worker (122/246)
  Generating static pages using 1 worker (184/246)
✓ Generating static pages using 1 worker (246/246) in 396ms
  Finalizing page optimization ...
  Collecting build traces ...

Route (app)
┌ ƒ /
├ ƒ /_not-found
├ ƒ /admin
├ ƒ /admin/login
├ ƒ /api/admin/ai-spend
├ ƒ /api/admin/audit
├ ƒ /api/admin/aurora-analytics
├ ƒ /api/admin/bot
├ ƒ /api/admin/bot/actions
├ ƒ /api/admin/connections
├ ƒ /api/admin/overview
├ ƒ /api/admin/projects
├ ƒ /api/admin/projects/[id]
├ ƒ /api/admin/publications
├ ƒ /api/admin/publications/actions
├ ƒ /api/admin/search
├ ƒ /api/admin/system
├ ƒ /api/admin/users
├ ƒ /api/admin/users/[id]
├ ƒ /api/admin/users/[id]/actions
├ ƒ /api/ai/engines
├ ƒ /api/ai/generate
├ ƒ /api/ai/generate/ack
├ ƒ /api/ai/usage
├ ƒ /api/audience-assistant
├ ƒ /api/audience-assistant/[id]
├ ƒ /api/audience-assistant/[id]/reply
├ ƒ /api/audience-assistant/[id]/send
├ ƒ /api/audience-questions
├ ƒ /api/audience-questions/[id]
├ ƒ /api/audience-questions/[id]/draft
├ ƒ /api/audience-questions/[id]/start
├ ƒ /api/auth/login
├ ƒ /api/auth/logout
├ ƒ /api/auth/me
├ ƒ /api/auth/password/forgot
├ ƒ /api/auth/password/reset
├ ƒ /api/auth/register
├ ƒ /api/auth/telegram
├ ƒ /api/auth/vk
├ ƒ /api/autopilot
├ ƒ /api/autopilot/approve
├ ƒ /api/autopilot/brief
├ ƒ /api/autopilot/brief/suggest
├ ƒ /api/autopilot/generate
├ ƒ /api/autopilot/item
├ ƒ /api/autopilot/item/draft
├ ƒ /api/autopilot/repair
├ ƒ /api/autopilot/settings
├ ƒ /api/bot/connect
├ ƒ /api/bot/link
├ ƒ /api/bot/miniapp/overview
├ ƒ /api/brand-dictionary
├ ƒ /api/brand-dictionary/[id]
├ ƒ /api/channels
├ ƒ /api/channels/[id]
├ ƒ /api/channels/connect
├ ƒ /api/channels/connect-vk
├ ƒ /api/channels/oauth/callback
├ ƒ /api/channels/oauth/providers
├ ƒ /api/channels/oauth/start
├ ƒ /api/channels/tenchat
├ ƒ /api/channels/tenchat/export
├ ƒ /api/channels/tenchat/publish
├ ƒ /api/competitors
├ ƒ /api/competitors/[id]
├ ƒ /api/competitors/add
├ ƒ /api/competitors/suggestions
├ ƒ /api/drafts
├ ƒ /api/drafts/[id]
├ ƒ /api/drafts/[id]/editorial
├ ƒ /api/drafts/[id]/editorial/comments
├ ƒ /api/drafts/[id]/editorial/decisions
├ ƒ /api/drafts/[id]/editorial/submit
├ ƒ /api/drafts/[id]/publication-preferences
├ ƒ /api/drafts/[id]/recover
├ ƒ /api/drafts/[id]/review
├ ƒ /api/drafts/[id]/revisions
├ ƒ /api/drafts/[id]/schedule
├ ƒ /api/evidence/[kind]/[id]
├ ƒ /api/growth
├ ƒ /api/growth/events
├ ƒ /api/growth/moves/[id]
├ ƒ /api/health
├ ƒ /api/ideas
├ ƒ /api/ideas/[id]
├ ƒ /api/knowledge
├ ƒ /api/knowledge/extract-profile
├ ƒ /api/knowledge/read-channel
├ ƒ /api/lead
├ ƒ /api/legal-sources
├ ƒ /api/legal-sources/connections
├ ƒ /api/legal-sources/connections/[id]/actions
├ ƒ /api/legal-video-scripts
├ ƒ /api/legal-video-scripts/[id]
├ ƒ /api/legal-video-scripts/[id]/production-brief
├ ƒ /api/legal-visuals
├ ƒ /api/legal-visuals/[id]
├ ƒ /api/legal-visuals/[id]/renders
├ ƒ /api/legal-visuals/[id]/renders/[operationId]
├ ƒ /api/legal-visuals/brand-kit
├ ƒ /api/library/drafts
├ ƒ /api/library/exports
├ ƒ /api/library/exports/[id]
├ ƒ /api/library/hits
├ ƒ /api/library/posts
├ ƒ /api/library/registry
├ ƒ /api/library/state
├ ƒ /api/library/tags
├ ƒ /api/media/assets
├ ƒ /api/media/assets/[id]
├ ƒ /api/media/capabilities
├ ƒ /api/media/generations
├ ƒ /api/media/generations/[id]
├ ƒ /api/monthly-campaigns
├ ƒ /api/monthly-campaigns/[campaignId]
├ ƒ /api/monthly-campaigns/[campaignId]/plans
├ ƒ /api/monthly-campaigns/[campaignId]/plans/[planId]
├ ƒ /api/monthly-campaigns/[campaignId]/plans/[planId]/items/[itemId]/draft
├ ƒ /api/monthly-campaigns/[campaignId]/plans/[planId]/items/[itemId]/lineage
├ ƒ /api/monthly-campaigns/[campaignId]/plans/[planId]/move
├ ƒ /api/monthly-campaigns/[campaignId]/plans/[planId]/regenerate
├ ƒ /api/onboarding/complete
├ ƒ /api/onboarding/progress
├ ƒ /api/opportunities
├ ƒ /api/opportunities/[id]/draft
├ ƒ /api/posts
├ ƒ /api/posts/[id]/retry
├ ƒ /api/posts/create
├ ƒ /api/product-events
├ ƒ /api/project-exports
├ ƒ /api/project-exports/[id]
├ ƒ /api/project-exports/[id]/download
├ ƒ /api/project-exports/[id]/download-token
├ ƒ /api/project-exports/preview
├ ƒ /api/project-invitations/accept
├ ƒ /api/project-notifications
├ ƒ /api/project-notifications/[id]/read
├ ƒ /api/project-notifications/read-all
├ ƒ /api/projects
├ ƒ /api/projects/[projectId]/invitations
├ ƒ /api/projects/[projectId]/invitations/[invitationId]
├ ƒ /api/projects/[projectId]/members
├ ƒ /api/projects/[projectId]/members/[memberId]
├ ƒ /api/projects/current
├ ƒ /api/publication-blocks
├ ƒ /api/publication-blocks/[id]
├ ƒ /api/publication-extra-operations/[id]/retry
├ ƒ /api/publication-operations
├ ƒ /api/publication-operations/[id]
├ ƒ /api/publication-operations/[id]/restore-draft
├ ƒ /api/publication-review-tasks/[id]/decision
├ ƒ /api/radar/alerts
├ ƒ /api/radar/results/[id]
├ ƒ /api/radar/search
├ ƒ /api/readiness
├ ƒ /api/rss
├ ƒ /api/rss/[id]
├ ƒ /api/rss/auto-publish
├ ƒ /api/rss/bootstrap
├ ƒ /api/rss/catalog
├ ƒ /api/rss/items
├ ƒ /api/rss/items/[id]/draft
├ ƒ /api/rss/items/[id]/state
├ ƒ /api/rss/read-all
├ ƒ /api/rss/refresh
├ ƒ /api/settings
├ ƒ /api/settings/account-profile
├ ƒ /api/settings/account-profile/phone/confirm
├ ƒ /api/settings/account-profile/phone/request
├ ƒ /api/settings/channel
├ ƒ /api/settings/notifications
├ ƒ /api/settings/preview
├ ƒ /api/settings/profile
├ ƒ /api/settings/profile/avatar
├ ƒ /api/settings/profile/avatar-assets/[id]
├ ƒ /api/settings/profile/email/confirm
├ ƒ /api/settings/profile/email/request
├ ƒ /api/site-analysis
├ ƒ /api/site-analysis/[id]
├ ƒ /api/site-analysis/[id]/compare
├ ƒ /api/site-analysis/[id]/export
├ ƒ /api/site-analysis/[id]/retry
├ ƒ /api/sites
├ ƒ /api/sites/[id]
├ ƒ /api/sites/[id]/analyze
├ ƒ /api/sites/[id]/articles
├ ƒ /api/sites/[id]/articles/[articleId]
├ ƒ /api/sites/[id]/destinations
├ ƒ /api/sites/[id]/probe
├ ƒ /api/sites/[id]/reports
├ ƒ /api/sites/[id]/reports/[reportId]/export
├ ƒ /api/sites/[id]/settings
├ ƒ /api/sites/[id]/verify
├ ƒ /api/stats
├ ƒ /api/stats/collect
├ ƒ /api/stats/report
├ ƒ /api/studio/session
├ ƒ /api/today
├ ƒ /api/today/action
├ ƒ /api/today/feedback
├ ƒ /api/today/refresh
├ ƒ /api/today/state
├ ƒ /api/tracking/client.js
├ ƒ /api/tracking/conversions
├ ƒ /api/tracking/links
├ ƒ /api/tracking/links/[id]
├ ƒ /api/tracking/ping
├ ƒ /api/tracking/report
├ ƒ /api/tracking/settings
├ ƒ /api/tracking/settings/verify
├ ƒ /api/tracking/templates
├ ƒ /api/tracking/templates/[id]
├ ƒ /api/trends
├ ƒ /api/trends/stats
├ ƒ /api/typography/apply
├ ƒ /api/typography/runs/[id]/undo
├ ƒ /api/typography/runs/latest
├ ƒ /app
├ ƒ /app/analytics
├ ƒ /app/autopilot
├ ƒ /app/autopilot/brief
├ ƒ /app/autopilot/month
├ ƒ /app/calendar
├ ƒ /app/competitors
├ ƒ /app/competitors/[id]
├ ƒ /app/composer
├ ƒ /app/growth
├ ƒ /app/knowledge
├ ƒ /app/library
├ ƒ /app/onboarding
├ ƒ /app/opportunities
├ ƒ /app/radar
├ ƒ /app/recon
├ ƒ /app/rss
├ ƒ /app/settings
├ ƒ /app/site-analysis
├ ƒ /app/sites
├ ƒ /app/studio
├ ƒ /app/studio/questions
├ ƒ /app/studio/visuals
├ ƒ /app/today
├ ƒ /app/trends
├ ƒ /bot
├ ƒ /bot/connect
├ ƒ /confirm-email
├ ƒ /cycle
├ ƒ /cycle/[variant]
├ ƒ /finale/1
├ ƒ /finale/2
├ ƒ /finale/3
├ ƒ /footer/1
├ ƒ /footer/2
├ ƒ /footer/3
├ ƒ /footer/3/1
├ ƒ /footer/3/2
├ ƒ /footer/3/3
├ ƒ /footer/3/compare
├ ƒ /forgot-password
├ ƒ /hosted/[slug]
├ ƒ /hosted/[slug]/[article]
├ ƒ /hosted/[slug]/robots.txt
├ ƒ /hosted/[slug]/sitemap.xml
├ ƒ /how
├ ƒ /how/[variant]
├ ○ /icon.svg
├ ƒ /invite
├ ƒ /login
├ ○ /manifest.webmanifest
├ ƒ /memory
├ ƒ /memory/[variant]
├ ƒ /memory/10/[concept]
├ ƒ /memory/10/word/[animation]
├ ƒ /old
├ ƒ /privacy
├ ƒ /quality
├ ƒ /quality/[variant]
├ ƒ /r/[slug]
├ ƒ /reasons/1
├ ƒ /reasons/2
├ ƒ /reasons/3
├ ƒ /register
├ ƒ /reset-password
├ ƒ /rss
├ ƒ /rss/[variant]
├ ƒ /scroll-test
├ ƒ /terms
├ ƒ /v2
├ ƒ /v3
├ ƒ /variants
├ ƒ /variants/1
├ ƒ /variants/2
├ ƒ /variants/3
└ ƒ /variants/4


ƒ Proxy (Middleware)

○  (Static)   prerendered as static content
ƒ  (Dynamic)  server-rendered on demand
